❯ cd Study_Training/

~/Study_Training 
❯ ls
project_dir

~/Study_Training 
❯ mkdir assignments

~/Study_Training 
❯ cd assignments

~/Study_Training/assignments 
❯ touch readme.txt

~/Study_Training/assignments 
❯ git init
Initialized empty Git repository in /home/utkarsh/Study_Training/assignments/.git/

assignments on  master [?] 
❯ git add .

assignments on  master [+] 
❯ git status
On branch master

No commits yet

Changes to be committed:
  (use "git rm --cached <file>..." to unstage)
	new file:   readme.txt


assignments on  master [+] 
❯ git restore --staged readme.txt
fatal: could not resolve HEAD

assignments on  master [+] 
❯ git rm --cached readme.txt
rm 'readme.txt'

assignments on  master [?] 
❯ git status
On branch master

No commits yet

Untracked files:
  (use "git add <file>..." to include in what will be committed)
	readme.txt

nothing added to commit but untracked files present (use "git add" to track)

assignments on  master [?] 
❯ git add .

assignments on  master [+] 
❯ git commit -m 'created a readme.txt file'
[master (root-commit) 5f31725] created a readme.txt file
 1 file changed, 1 insertion(+)
 create mode 100644 readme.txt

assignments on  master 
❯ git status
On branch master
nothing to commit, working tree clean

assignments on  master 
❯ git log
commit 5f31725fd7edde6fc720bcdceea160e0e8aa72c3 (HEAD -> master)
Author: Utkarsh Yadav <iamshinichikira@gmail.com>
Date:   Thu Sep 2 08:19:53 2021 +0530

    created a readme.txt file

assignments on  master 
❯ git branch html-assignments

assignments on  master 
❯ git checkout html-assignments 
Switched to branch 'html-assignments'

assignments on  html-assignments 
❯ ls
readme.txt

assignments on  html-assignments 
❯ git status
On branch html-assignments
nothing to commit, working tree clean

assignments on  html-assignments 
❯ git add .

assignments on  html-assignments 
❯ git status
On branch html-assignments
nothing to commit, working tree clean

assignments on  html-assignments 
❯ ls
index.html  readme.txt

assignments on  html-assignments [?] 
❯ git add .

assignments on  html-assignments [+] 
❯ git status
On branch html-assignments
Changes to be committed:
  (use "git restore --staged <file>..." to unstage)
	new file:   index.html


assignments on  html-assignments [+] 
❯ 

assignments on  html-assignments [+] 
❯ git commit -m 'added assignments of html'
[html-assignments 1c1ee17] added assignments of html
 1 file changed, 10 insertions(+)
 create mode 100644 index.html

assignments on  html-assignments 
❯ git checkout master
Switched to branch 'master'

assignments on  master 
❯ git status
On branch master
Changes not staged for commit:
  (use "git add <file>..." to update what will be committed)
  (use "git restore <file>..." to discard changes in working directory)
	modified:   readme.txt

no changes added to commit (use "git add" and/or "git commit -a")

assignments on  master [!] 
❯ git add .

assignments on  master [+] 
❯ git commit -m 'made changes to readme.txt file'
[master e079ed4] made changes to readme.txt file
 1 file changed, 1 insertion(+)

assignments on  master 
❯ git checkout html-assignments 
Switched to branch 'html-assignments'

assignments on  html-assignments 
❯ git add .

assignments on  html-assignments [+] 
❯ git commit -m 'made changes in index.html'
[html-assignments b03bae0] made changes in index.html
 1 file changed, 1 insertion(+)

assignments on  html-assignments 
❯ git checkout master
Switched to branch 'master'

assignments on  master 
❯ git merge html-assignments 
Merge made by the 'recursive' strategy.
 index.html | 11 +++++++++++
 1 file changed, 11 insertions(+)
 create mode 100644 index.html

assignments on  master took 44s 
❯ git log
commit 2204dc617cb185b945e4acae0c1781c9e0001bb8 (HEAD -> master)
Merge: e079ed4 b03bae0
Author: Utkarsh Yadav <iamshinichikira@gmail.com>
Date:   Thu Sep 2 08:26:23 2021 +0530

    Merge branch 'html-assignments'
    Added index .html file

commit b03bae0dd51cb1ad39f518a79d83f1762d8ab5bb (html-assignments)
Author: Utkarsh Yadav <iamshinichikira@gmail.com>
Date:   Thu Sep 2 08:26:03 2021 +0530

    made changes in index.html

commit e079ed4360fb0c316f7613edcfb9f7cf41542fd5
Author: Utkarsh Yadav <iamshinichikira@gmail.com>
Date:   Thu Sep 2 08:24:36 2021 +0530

    made changes to readme.txt file

commit 1c1ee1744a8754fef65c31eec2c3ea4678ec4ce5
Author: Utkarsh Yadav <iamshinichikira@gmail.com>
Date:   Thu Sep 2 08:23:15 2021 +0530

 ESCOD
commit 2204dc617cb185b945e4acae0c1781c9e0001bb8 (HEAD -> master)
Merge: e079ed4 b03bae0
Author: Utkarsh Yadav <iamshinichikira@gmail.com>
Date:   Thu Sep 2 08:26:23 2021 +0530

    Merge branch 'html-assignments'
    Added index .html file

commit b03bae0dd51cb1ad39f518a79d83f1762d8ab5bb (html-assignments)
Author: Utkarsh Yadav <iamshinichikira@gmail.com>
Date:   Thu Sep 2 08:26:03 2021 +0530

    made changes in index.html

commit e079ed4360fb0c316f7613edcfb9f7cf41542fd5
Author: Utkarsh Yadav <iamshinichikira@gmail.com>
Date:   Thu Sep 2 08:24:36 2021 +0530

    made changes to readme.txt file

commit 1c1ee1744a8754fef65c31eec2c3ea4678ec4ce5
Author: Utkarsh Yadav <iamshinichikira@gmail.com>
Date:   Thu Sep 2 08:23:15 2021 +0530

assignments on  master took 18s 
❯ git branch -d html-assignments 
Deleted branch html-assignments (was b03bae0).

assignments on  master took 18s 
❯ git branch -d html-assignments 
Deleted branch html-assignments (was b03bae0).

assignments on  master 
❯ git branch css-assignments

assignments on  master [?] 
❯ git checkout css-assignments 
Switched to branch 'css-assignments'

assignments on  css-assignments [?] 
❯ git status
On branch css-assignments
Untracked files:
  (use "git add <file>..." to include in what will be committed)
	html assignments
	style.css

nothing added to commit but untracked files present (use "git add" to track)

assignments on  css-assignments [?] 
❯ git add .

assignments on  css-assignments [+] 
❯ git commit -m 'added the style.css file'
[css-assignments 3e82b27] added the style.css file
 2 files changed, 223 insertions(+)
 create mode 100644 html assignments
 create mode 100644 style.css

assignments on  css-assignments 
❯ vim readme.txt

Command 'vim' not found, but can be installed with:

sudo apt install vim         # version 2:8.1.2269-1ubuntu5, or
sudo apt install vim-tiny    # version 2:8.1.2269-1ubuntu5
sudo apt install neovim      # version 0.4.3-3
sudo apt install vim-athena  # version 2:8.1.2269-1ubuntu5
sudo apt install vim-gtk3    # version 2:8.1.2269-1ubuntu5
sudo apt install vim-nox     # version 2:8.1.2269-1ubuntu5


assignments on  css-assignments 
❯ git add .

assignments on  css-assignments [+] 
❯ git commit -m 'made changes to readme.txt'
[css-assignments 5120983] made changes to readme.txt
 1 file changed, 2 insertions(+)

assignments on  css-assignments 
❯ git checkout master
Switched to branch 'master'

assignments on  master 
❯ git status
On branch master
nothing to commit, working tree clean

assignments on  master 
❯ git add .

assignments on  master [+] 
❯ git commit -m 'made changes to readme.txt at line 3'
[master 81a3c17] made changes to readme.txt at line 3
 1 file changed, 1 insertion(+)

assignments on  master 
❯ git checkout css-assignments 
Switched to branch 'css-assignments'

assignments on  css-assignments 
❯ git commit -m 'made changes to style.css at line 2'
On branch css-assignments
Changes not staged for commit:
  (use "git add <file>..." to update what will be committed)
  (use "git restore <file>..." to discard changes in working directory)
	modified:   style.css

no changes added to commit (use "git add" and/or "git commit -a")

assignments on  css-assignments [!] 
❯ git add .

assignments on  css-assignments [+] 
❯ git commit -m 'made changes to style.css at line 2'
[css-assignments ae3f025] made changes to style.css at line 2
 1 file changed, 1 insertion(+)

assignments on  css-assignments 
❯ git checkout master 
Switched to branch 'master'

assignments on  master 
❯ git branch --merged
* master

assignments on  master 
❯ git merge css-assignments 
Auto-merging readme.txt
CONFLICT (content): Merge conflict in readme.txt
Automatic merge failed; fix conflicts and then commit the result.

assignments on  master (MERGING) [=+] 
❯ git branch --merged
* master

assignments on  master (MERGING) [=+] 
❯ git merge css-assignments 
error: Merging is not possible because you have unmerged files.
hint: Fix them up in the work tree, and then use 'git add/rm <file>'
hint: as appropriate to mark resolution and make a commit.
fatal: Exiting because of an unresolved conflict.

assignments on  master (MERGING) [=+] 
❯ git add .

assignments on  master (MERGING) [+] 
❯ git commit -m 'made changes to readme.txt'
[master 9346e2c] made changes to readme.txt

assignments on  master 
❯ git merge css-assignments 
Already up to date.

assignments on  master 
❯ git branch --merged
  css-assignments
* master

assignments on  master 
❯ git branch -d css-assignments 
Deleted branch css-assignments (was ae3f025).

assignments on  master 
❯ ^C

assignments on  master 
❯ 
